{"/Users/kitsonk/github/parser/src/coverage.ts":{"path":"/Users/kitsonk/github/parser/src/coverage.ts","s":{"1":1,"2":1,"3":1,"4":1,"5":1,"6":1,"7":1,"8":1,"9":2,"10":2,"11":2,"12":2,"13":2,"14":1,"15":1,"16":1,"17":5,"18":1,"19":5,"20":1,"21":4,"22":3,"23":1,"24":1,"25":0,"26":1,"27":2,"28":1,"29":1,"30":1,"31":1},"b":{"1":[1,1],"2":[1,4],"3":[5,4],"4":[3,1],"5":[1,0],"6":[1,1]},"f":{"1":1,"2":1,"3":2,"4":1,"5":5,"6":2},"fnMap":{"1":{"name":"(anonymous_3)","line":3,"loc":{"start":{"line":3,"column":0},"end":{"line":3,"column":17}}},"2":{"name":"(anonymous_4)","line":10,"loc":{"start":{"line":10,"column":0},"end":{"line":10,"column":0}}},"3":{"name":"Foo","line":11,"loc":{"start":{"line":11,"column":4},"end":{"line":11,"column":29}}},"4":{"name":"(anonymous_6)","line":18,"loc":{"start":{"line":18,"column":4},"end":{"line":18,"column":4}}},"5":{"name":"(anonymous_7)","line":19,"loc":{"start":{"line":19,"column":21},"end":{"line":19,"column":26}}},"6":{"name":"(anonymous_8)","line":34,"loc":{"start":{"line":34,"column":4},"end":{"line":34,"column":22}}}},"statementMap":{"1":{"start":{"line":3,"column":0},"end":{"line":8,"column":1}},"2":{"start":{"line":4,"column":4},"end":{"line":4,"column":9}},"3":{"start":{"line":5,"column":4},"end":{"line":5,"column":5}},"4":{"start":{"line":6,"column":4},"end":{"line":6,"column":5}},"5":{"start":{"line":7,"column":4},"end":{"line":7,"column":5}},"6":{"start":{"line":3,"column":0},"end":{"line":8,"column":1}},"7":{"start":{"line":10,"column":0},"end":{"line":38,"column":1}},"8":{"start":{"line":11,"column":4},"end":{"line":15,"column":5}},"9":{"start":{"line":16,"column":4},"end":{"line":16,"column":24}},"10":{"start":{"line":17,"column":12},"end":{"line":17,"column":30}},"11":{"start":{"line":37,"column":4},"end":{"line":37,"column":23}},"12":{"start":{"line":12,"column":8},"end":{"line":14,"column":9}},"13":{"start":{"line":13,"column":19},"end":{"line":13,"column":45}},"14":{"start":{"line":18,"column":4},"end":{"line":33,"column":5}},"15":{"start":{"line":18,"column":4},"end":{"line":33,"column":5}},"16":{"start":{"line":18,"column":11},"end":{"line":18,"column":25}},"17":{"start":{"line":18,"column":11},"end":{"line":18,"column":25}},"18":{"start":{"line":19,"column":8},"end":{"line":32,"column":11}},"19":{"start":{"line":20,"column":12},"end":{"line":31,"column":13}},"20":{"start":{"line":21,"column":16},"end":{"line":21,"column":38}},"21":{"start":{"line":23,"column":17},"end":{"line":31,"column":13}},"22":{"start":{"line":24,"column":16},"end":{"line":24,"column":38}},"23":{"start":{"line":26,"column":17},"end":{"line":31,"column":13}},"24":{"start":{"line":27,"column":16},"end":{"line":27,"column":46}},"25":{"start":{"line":30,"column":16},"end":{"line":30,"column":50}},"26":{"start":{"line":34,"column":4},"end":{"line":36,"column":5}},"27":{"start":{"line":35,"column":8},"end":{"line":35,"column":69}},"28":{"start":{"line":38,"column":0},"end":{"line":38,"column":1}},"29":{"start":{"line":10,"column":13},"end":{"line":38,"column":1}},"30":{"start":{"line":40,"column":0},"end":{"line":40,"column":34}},"31":{"start":{"line":42,"column":0},"end":{"line":42,"column":19}}},"branchMap":{"1":{"line":3,"type":"binary-expr","locations":[{"start":{"line":3,"column":12},"end":{"line":3,"column":17}},{"start":{"line":3,"column":12},"end":{"line":3,"column":17}}]},"2":{"line":20,"type":"if","locations":[{"start":{"line":20,"column":12},"end":{"line":20,"column":12}},{"start":{"line":20,"column":12},"end":{"line":20,"column":12}}]},"3":{"line":20,"type":"binary-expr","locations":[{"start":{"line":20,"column":16},"end":{"line":20,"column":40}},{"start":{"line":20,"column":44},"end":{"line":20,"column":70}}]},"4":{"line":23,"type":"if","locations":[{"start":{"line":23,"column":17},"end":{"line":23,"column":17}},{"start":{"line":23,"column":17},"end":{"line":23,"column":17}}]},"5":{"line":26,"type":"if","locations":[{"start":{"line":26,"column":17},"end":{"line":26,"column":17}},{"start":{"line":26,"column":17},"end":{"line":26,"column":17}}]},"6":{"line":35,"type":"cond-expr","locations":[{"start":{"line":35,"column":43},"end":{"line":35,"column":53}},{"start":{"line":35,"column":56},"end":{"line":35,"column":68}}]}},"l":{"3":2,"4":1,"5":1,"6":1,"7":1,"8":1,"10":2,"11":1,"12":2,"13":2,"16":2,"17":2,"18":9,"19":1,"20":5,"21":1,"23":4,"24":3,"26":1,"27":1,"30":0,"33":1,"34":1,"35":2,"37":2,"38":2,"40":1,"42":1}}}